// Jest Snapshot v1, https://goo.gl/fbAQLP

exports[`TSX if the filename ends with '.tsx', enable jsx option automatically. filePath was not provided 1`] = `
TSError {
  "column": 18,
  "index": 18,
  "lineNumber": 1,
  "message": "'>' expected.",
}
`;

exports[`TSX if the filename ends with '.tsx', enable jsx option automatically. test.ts 1`] = `
TSError {
  "column": 18,
  "index": 18,
  "lineNumber": 1,
  "message": "'>' expected.",
}
`;

exports[`TSX if the filename ends with '.tsx', enable jsx option automatically. test.ts with 'jsx:true' option 1`] = `
TSError {
  "column": 18,
  "index": 18,
  "lineNumber": 1,
  "message": "'>' expected.",
}
`;
